<?xml version="1.0" encoding="UTF-8"?>
<TestRun id="28f3e8ac-9844-465c-a34d-d03d0b77daeb" name="nnickerson@NICKER4416 2012-08-20 01:36:09" runUser="NUSTUDENT\nnickerson" xmlns="http://microsoft.com/schemas/VisualStudio/TeamTest/2010">
  <TestSettings name="Local" id="5ab82e22-02de-492e-9bbc-d107d1e9087c">
    <Description>These are default test settings for a local test run.</Description>
    <Deployment enabled="false" runDeploymentRoot="nnickerson_NICKER4416 2012-08-20 01_36_09">
      <DeploymentItem filename="C:\Users\nnickerson\Documents\GitHub\MenuDirect\MenuDirect\MenuDirect\bin\Debug\MenuDirect.exe" />
    </Deployment>
    <Execution>
      <TestTypeSpecific />
      <AgentRule name="Execution Agents">
      </AgentRule>
    </Execution>
  </TestSettings>
  <Times creation="2012-08-20T01:36:09.7347855-06:00" queuing="2012-08-20T01:36:09.7767879-06:00" start="2012-08-20T01:36:09.7847884-06:00" finish="2012-08-20T01:36:10.2038123-06:00" />
  <ResultSummary outcome="Failed">
    <Counters total="1" executed="1" error="0" failed="1" timeout="0" aborted="0" inconclusive="0" passedButRunAborted="0" notRunnable="0" notExecuted="0" disconnected="0" warning="0" passed="0" completed="0" inProgress="0" pending="0" />
    <RunInfos>
      <RunInfo computerName="NICKER4416" outcome="Warning" timestamp="2012-08-20T01:36:09.7757878-06:00">
        <Text>Deployment is currently disabled. The deployment item 'MenuDirect.exe' on test 'AdminTests.AdminTest.GetAdminInputTest' was not deployed.</Text>
      </RunInfo>
    </RunInfos>
  </ResultSummary>
  <TestDefinitions>
    <UnitTest name="GetAdminInputTest" storage="c:\users\nnickerson\documents\github\menudirect\menudirect\admintests\bin\debug\admintests.dll" id="e079ac09-d41f-30a7-fc21-6a83967018aa">
      <DeploymentItems>
        <DeploymentItem filename="MenuDirect.exe" />
      </DeploymentItems>
      <Execution id="21fbdfd1-118e-4e09-8ab6-29d8331dbe87" />
      <TestMethod codeBase="C:/Users/nnickerson/Documents/GitHub/MenuDirect/MenuDirect/AdminTests/bin/Debug/AdminTests.DLL" adapterTypeName="Microsoft.VisualStudio.TestTools.TestTypes.Unit.UnitTestAdapter, Microsoft.VisualStudio.QualityTools.Tips.UnitTest.Adapter, Version=10.0.0.0, Culture=neutral, PublicKeyToken=b03f5f7f11d50a3a" className="AdminTests.AdminTest, AdminTests, Version=1.0.0.0, Culture=neutral, PublicKeyToken=null" name="GetAdminInputTest" />
    </UnitTest>
  </TestDefinitions>
  <TestLists>
    <TestList name="Results Not in a List" id="8c84fa94-04c1-424b-9868-57a2d4851a1d" />
    <TestList name="All Loaded Results" id="19431567-8539-422a-85d7-44ee4e166bda" />
  </TestLists>
  <TestEntries>
    <TestEntry testId="e079ac09-d41f-30a7-fc21-6a83967018aa" executionId="21fbdfd1-118e-4e09-8ab6-29d8331dbe87" testListId="8c84fa94-04c1-424b-9868-57a2d4851a1d" />
  </TestEntries>
  <Results>
    <UnitTestResult executionId="21fbdfd1-118e-4e09-8ab6-29d8331dbe87" testId="e079ac09-d41f-30a7-fc21-6a83967018aa" testName="GetAdminInputTest" computerName="NICKER4416" duration="00:00:00.0596091" startTime="2012-08-20T01:36:09.8027894-06:00" endTime="2012-08-20T01:36:10.1808110-06:00" testType="13cdc9d9-ddb5-4fa4-a97d-d965ccfc6d4b" outcome="Failed" testListId="8c84fa94-04c1-424b-9868-57a2d4851a1d" relativeResultsDirectory="21fbdfd1-118e-4e09-8ab6-29d8331dbe87">
      <Output>
        <StdOut>Hello Administrator!
What would you like to do?:
1 - Add an item to the menu

2 - Delete an item from the menu</StdOut>
        <ErrorInfo>
          <Message>Test method AdminTests.AdminTest.GetAdminInputTest threw exception: 
System.InvalidOperationException: Cannot read keys when either application does not have a console or when console input has been redirected from a file. Try Console.Read.</Message>
          <StackTrace>   at MenuDirect.Admin_Accessor..ctor()
   at AdminTests.AdminTest.GetAdminInputTest() in C:\Users\nnickerson\Documents\GitHub\MenuDirect\MenuDirect\AdminTests\AdminTest.cs:line 74
</StackTrace>
        </ErrorInfo>
      </Output>
    </UnitTestResult>
  </Results>
</TestRun>